2026-07-22 21:32:50 [INFO] Database initialized at: /home/quangbui1374/Documents/DATN/Data/greenhouse.db
2026-07-22 21:32:50 [INFO] Đang lắng nghe dữ liệu... (Ctrl+C để dừng)
2026-07-22 21:32:50 [INFO] ═══ KẾT NỐI MQTT BROKER THÀNH CÔNG ═══
2026-07-22 21:32:50 [INFO] Broker: localhost:1883
2026-07-22 21:32:50 [INFO] Subscribed topic: greenhouse/sensor
2026-07-22 21:32:50 [INFO] Database hiện có 1 bản ghi
2026-07-22 21:32:50 [INFO] Dữ liệu từ 2026-07-22 21:20:38 → 2026-07-22 21:20:38
2026-07-22 21:38:58 [WARNING] Mất kết nối (rc=7)! Đang tự reconnect...
2026-07-22 21:38:59 [INFO] ═══ KẾT NỐI MQTT BROKER THÀNH CÔNG ═══
2026-07-22 21:38:59 [INFO] Broker: localhost:1883
2026-07-22 21:38:59 [INFO] Subscribed topic: greenhouse/sensor
2026-07-22 21:38:59 [INFO] Database hiện có 1 bản ghi
2026-07-22 21:38:59 [INFO] Dữ liệu từ 2026-07-22 21:20:38 → 2026-07-22 21:20:38
2026-07-22 21:39:29 [INFO] #2 | 33.0°C | 72.3% | [Tổng: 1 saved / 1 received]
2026-07-22 21:39:59 [INFO] #3 | 33.0°C | 72.1% | [Tổng: 2 saved / 2 received]
2026-07-22 21:40:29 [INFO] #4 | 32.9°C | 72.4% | [Tổng: 3 saved / 3 received]
2026-07-22 21:40:59 [INFO] #5 | 32.9°C | 72.5% | [Tổng: 4 saved / 4 received]
2026-07-22 21:41:29 [INFO] #6 | 32.9°C | 72.5% | [Tổng: 5 saved / 5 received]
2026-07-22 21:41:59 [INFO] #7 | 32.9°C | 72.4% | [Tổng: 6 saved / 6 received]
2026-07-22 21:42:29 [INFO] #8 | 34.8°C | 99.0% | [Tổng: 7 saved / 7 received]
2026-07-22 21:42:59 [INFO] #9 | 33.8°C | 96.3% | [Tổng: 8 saved / 8 received]
2026-07-22 21:43:29 [INFO] #10 | 34.4°C | 100.0% | [Tổng: 9 saved / 9 received]
2026-07-22 21:43:59 [INFO] #11 | 34.0°C | 99.0% | [Tổng: 10 saved / 10 received]
2026-07-22 21:44:29 [INFO] #12 | 33.4°C | 92.1% | [Tổng: 11 saved / 11 received]
2026-07-22 21:44:59 [INFO] #13 | 33.1°C | 81.8% | [Tổng: 12 saved / 12 received]
2026-07-22 21:45:29 [INFO] #14 | 33.0°C | 76.6% | [Tổng: 13 saved / 13 received]
2026-07-22 21:45:59 [INFO] #15 | 33.0°C | 74.3% | [Tổng: 14 saved / 14 received]
2026-07-22 21:46:29 [INFO] #16 | 32.9°C | 73.6% | [Tổng: 15 saved / 15 received]
2026-07-22 21:46:59 [INFO] #17 | 32.9°C | 73.0% | [Tổng: 16 saved / 16 received]
2026-07-22 21:47:29 [INFO] #18 | 32.9°C | 72.9% | [Tổng: 17 saved / 17 received]
2026-07-22 21:47:59 [INFO] #19 | 32.9°C | 72.8% | [Tổng: 18 saved / 18 received]
2026-07-22 21:48:29 [INFO] #20 | 32.9°C | 72.6% | [Tổng: 19 saved / 19 received]
2026-07-22 21:48:59 [INFO] #21 | 32.9°C | 72.6% | [Tổng: 20 saved / 20 received]
2026-07-22 21:49:29 [INFO] #22 | 32.9°C | 72.5% | [Tổng: 21 saved / 21 received]
2026-07-22 21:49:59 [INFO] #23 | 32.9°C | 72.5% | [Tổng: 22 saved / 22 received]
2026-07-22 21:50:29 [INFO] #24 | 32.9°C | 72.3% | [Tổng: 23 saved / 23 received]
2026-07-22 21:50:59 [INFO] #25 | 32.9°C | 72.1% | [Tổng: 24 saved / 24 received]
2026-07-22 21:51:29 [INFO] #26 | 32.9°C | 72.1% | [Tổng: 25 saved / 25 received]
2026-07-22 21:51:59 [INFO] #27 | 32.9°C | 72.0% | [Tổng: 26 saved / 26 received]
2026-07-22 21:52:29 [INFO] #28 | 32.9°C | 71.9% | [Tổng: 27 saved / 27 received]
2026-07-22 21:52:59 [INFO] #29 | 32.9°C | 72.0% | [Tổng: 28 saved / 28 received]
2026-07-22 21:53:29 [INFO] #30 | 32.9°C | 72.2% | [Tổng: 29 saved / 29 received]
2026-07-22 21:53:59 [INFO] #31 | 32.9°C | 72.1% | [Tổng: 30 saved / 30 received]
2026-07-22 21:54:29 [INFO] #32 | 32.9°C | 72.0% | [Tổng: 31 saved / 31 received]
2026-07-22 21:54:59 [INFO] #33 | 32.9°C | 72.0% | [Tổng: 32 saved / 32 received]
2026-07-22 21:55:29 [INFO] #34 | 32.9°C | 72.0% | [Tổng: 33 saved / 33 received]
2026-07-22 21:55:59 [INFO] #35 | 32.9°C | 72.0% | [Tổng: 34 saved / 34 received]
2026-07-22 21:56:29 [INFO] #36 | 32.9°C | 71.9% | [Tổng: 35 saved / 35 received]
2026-07-22 21:56:59 [INFO] #37 | 32.9°C | 71.9% | [Tổng: 36 saved / 36 received]
2026-07-22 21:57:29 [INFO] #38 | 32.8°C | 71.9% | [Tổng: 37 saved / 37 received]
2026-07-22 21:57:59 [INFO] #39 | 32.8°C | 72.0% | [Tổng: 38 saved / 38 received]
2026-07-22 21:58:29 [INFO] #40 | 32.8°C | 72.0% | [Tổng: 39 saved / 39 received]
2026-07-22 21:58:59 [INFO] #41 | 32.8°C | 72.1% | [Tổng: 40 saved / 40 received]
2026-07-22 21:59:29 [INFO] #42 | 32.8°C | 72.1% | [Tổng: 41 saved / 41 received]
2026-07-22 21:59:59 [INFO] #43 | 32.8°C | 72.2% | [Tổng: 42 saved / 42 received]
2026-07-22 22:00:29 [INFO] #44 | 32.8°C | 72.2% | [Tổng: 43 saved / 43 received]
2026-07-22 22:00:59 [INFO] #45 | 32.8°C | 72.0% | [Tổng: 44 saved / 44 received]
2026-07-22 22:01:29 [INFO] #46 | 32.8°C | 71.9% | [Tổng: 45 saved / 45 received]
2026-07-22 22:01:59 [INFO] #47 | 32.8°C | 71.8% | [Tổng: 46 saved / 46 received]
2026-07-22 22:02:29 [INFO] #48 | 32.7°C | 71.9% | [Tổng: 47 saved / 47 received]
2026-07-22 22:02:59 [INFO] #49 | 32.8°C | 71.8% | [Tổng: 48 saved / 48 received]
2026-07-22 22:03:29 [INFO] #50 | 32.7°C | 71.8% | [Tổng: 49 saved / 49 received]
